Archive member included because of file (symbol)

../lib\libasuro.a(globals.o)  asuro.o (switched)
../lib\libasuro.a(adc.o)      Test.o (OdometryData)
../lib\libasuro.a(encoder.o)  RechteckDemo.o (GoTurn)
../lib\libasuro.a(encoder_low.o)
                              ../lib\libasuro.a(encoder.o) (EncoderSet)
../lib\libasuro.a(leds.o)     SelfTest.o (StatusLED)
../lib\libasuro.a(motor_low.o)
                              SelfTest.o (MotorSpeed)
../lib\libasuro.a(print.o)    SelfTest.o (SerPrint)
../lib\libasuro.a(rc5.o)      asuro.o (IsrRC5)
../lib\libasuro.a(switches.o)
                              PCDemo.o (StartSwitch)
../lib\libasuro.a(time.o)     SelfTest.o (Sleep)
../lib\libasuro.a(uart.o)     Test.o (SerWrite)
c:/winavr-20100110/bin/../lib/gcc/avr/4.3.3/avr4\libgcc.a(_mulsi3.o)
                              ../lib\libasuro.a(encoder.o) (__mulsi3)
c:/winavr-20100110/bin/../lib/gcc/avr/4.3.3/avr4\libgcc.a(_divmodhi4.o)
                              SelfTest.o (__divmodhi4)
c:/winavr-20100110/bin/../lib/gcc/avr/4.3.3/avr4\libgcc.a(_udivmodsi4.o)
                              ../lib\libasuro.a(encoder.o) (__udivmodsi4)
c:/winavr-20100110/bin/../lib/gcc/avr/4.3.3/avr4\libgcc.a(_divmodsi4.o)
                              ../lib\libasuro.a(switches.o) (__divmodsi4)
c:/winavr-20100110/bin/../lib/gcc/avr/4.3.3/avr4\libgcc.a(_exit.o)
                              c:/winavr-20100110/bin/../lib/gcc/avr/4.3.3/../../../../avr/lib/avr4/crtm8.o (exit)
c:/winavr-20100110/bin/../lib/gcc/avr/4.3.3/avr4\libgcc.a(_copy_data.o)
                              SelfTest.o (__do_copy_data)
c:/winavr-20100110/bin/../lib/gcc/avr/4.3.3/avr4\libgcc.a(_clear_bss.o)
                              asuro.o (__do_clear_bss)
c:/winavr-20100110/bin/../lib/gcc/avr/4.3.3/avr4\libgcc.a(_udivmodhi4.o)
                              c:/winavr-20100110/bin/../lib/gcc/avr/4.3.3/avr4\libgcc.a(_divmodhi4.o) (__udivmodhi4)
c:/winavr-20100110/bin/../lib/gcc/avr/4.3.3/../../../../avr/lib/avr4\libc.a(itoa.o)
                              IRDemo.o (itoa)
c:/winavr-20100110/bin/../lib/gcc/avr/4.3.3/../../../../avr/lib/avr4\libc.a(ltoa.o)
                              ../lib\libasuro.a(print.o) (ltoa)
c:/winavr-20100110/bin/../lib/gcc/avr/4.3.3/../../../../avr/lib/avr4\libc.a(strrev.o)
                              c:/winavr-20100110/bin/../lib/gcc/avr/4.3.3/../../../../avr/lib/avr4\libc.a(itoa.o) (strrev)

Allocating common symbols
Common symbol       size              file

speedRight          0x2               LineDemo.o
switched            0x2               ../lib\libasuro.a(globals.o)
autoencode          0x2               ../lib\libasuro.a(globals.o)
encoder             0x4               ../lib\libasuro.a(globals.o)
speedLeft           0x2               LineDemo.o
count36kHz          0x1               ../lib\libasuro.a(globals.o)
ADOffset            0x2               LineDemo.o
lineData            0x4               LineDemo.o
timebase            0x4               ../lib\libasuro.a(globals.o)

Memory Configuration

Name             Origin             Length             Attributes
text             0x00000000         0x00002000         xr
data             0x00800060         0x0000ffa0         rw !x
eeprom           0x00810000         0x00010000         rw !x
fuse             0x00820000         0x00000400         rw !x
lock             0x00830000         0x00000400         rw !x
signature        0x00840000         0x00000400         rw !x
*default*        0x00000000         0xffffffff

Linker script and memory map

LOAD c:/winavr-20100110/bin/../lib/gcc/avr/4.3.3/../../../../avr/lib/avr4/crtm8.o
LOAD SelfTest.o
LOAD asuro.o
LOAD Test.o
LOAD main.o
LOAD Demo.o
LOAD LineDemo.o
LOAD IRDemo.o
LOAD PCDemo.o
LOAD RechteckDemo.o
LOAD c:/winavr-20100110/bin/../lib/gcc/avr/4.3.3/../../../../avr/lib/avr4\libm.a
LOAD ../lib\libasuro.a
LOAD c:/winavr-20100110/bin/../lib/gcc/avr/4.3.3/avr4\libgcc.a
LOAD c:/winavr-20100110/bin/../lib/gcc/avr/4.3.3/../../../../avr/lib/avr4\libc.a
LOAD c:/winavr-20100110/bin/../lib/gcc/avr/4.3.3/avr4\libgcc.a

.hash
 *(.hash)

.dynsym
 *(.dynsym)

.dynstr
 *(.dynstr)

.gnu.version
 *(.gnu.version)

.gnu.version_d
 *(.gnu.version_d)

.gnu.version_r
 *(.gnu.version_r)

.rel.init
 *(.rel.init)

.rela.init
 *(.rela.init)

.rel.text
 *(.rel.text)
 *(.rel.text.*)
 *(.rel.gnu.linkonce.t*)

.rela.text
 *(.rela.text)
 *(.rela.text.*)
 *(.rela.gnu.linkonce.t*)

.rel.fini
 *(.rel.fini)

.rela.fini
 *(.rela.fini)

.rel.rodata
 *(.rel.rodata)
 *(.rel.rodata.*)
 *(.rel.gnu.linkonce.r*)

.rela.rodata
 *(.rela.rodata)
 *(.rela.rodata.*)
 *(.rela.gnu.linkonce.r*)

.rel.data
 *(.rel.data)
 *(.rel.data.*)
 *(.rel.gnu.linkonce.d*)

.rela.data
 *(.rela.data)
 *(.rela.data.*)
 *(.rela.gnu.linkonce.d*)

.rel.ctors
 *(.rel.ctors)

.rela.ctors
 *(.rela.ctors)

.rel.dtors
 *(.rel.dtors)

.rela.dtors
 *(.rela.dtors)

.rel.got
 *(.rel.got)

.rela.got
 *(.rela.got)

.rel.bss
 *(.rel.bss)

.rela.bss
 *(.rela.bss)

.rel.plt
 *(.rel.plt)

.rela.plt
 *(.rela.plt)

.text           0x00000000     0x18de
 *(.vectors)
 .vectors       0x00000000       0x26 c:/winavr-20100110/bin/../lib/gcc/avr/4.3.3/../../../../avr/lib/avr4/crtm8.o
                0x00000000                __vectors
                0x00000000                __vector_default
 *(.vectors)
 *(.progmem.gcc*)
 *(.progmem*)
                0x00000026                . = ALIGN (0x2)
                0x00000026                __trampolines_start = .
 *(.trampolines)
 .trampolines   0x00000026        0x0 linker stubs
 *(.trampolines*)
                0x00000026                __trampolines_end = .
 *(.jumptables)
 *(.jumptables*)
 *(.lowtext)
 *(.lowtext*)
                0x00000026                __ctors_start = .
 *(.ctors)
                0x00000026                __ctors_end = .
                0x00000026                __dtors_start = .
 *(.dtors)
                0x00000026                __dtors_end = .
 SORT(*)(.ctors)
 SORT(*)(.dtors)
 *(.init0)
 .init0         0x00000026        0x0 c:/winavr-20100110/bin/../lib/gcc/avr/4.3.3/../../../../avr/lib/avr4/crtm8.o
                0x00000026                __init
 *(.init0)
 *(.init1)
 *(.init1)
 *(.init2)
 .init2         0x00000026        0xc c:/winavr-20100110/bin/../lib/gcc/avr/4.3.3/../../../../avr/lib/avr4/crtm8.o
 *(.init2)
 *(.init3)
 *(.init3)
 *(.init4)
 .init4         0x00000032       0x16 c:/winavr-20100110/bin/../lib/gcc/avr/4.3.3/avr4\libgcc.a(_copy_data.o)
                0x00000032                __do_copy_data
 .init4         0x00000048       0x10 c:/winavr-20100110/bin/../lib/gcc/avr/4.3.3/avr4\libgcc.a(_clear_bss.o)
                0x00000048                __do_clear_bss
 *(.init4)
 *(.init5)
 *(.init5)
 *(.init6)
 *(.init6)
 *(.init7)
 *(.init7)
 *(.init8)
 *(.init8)
 *(.init9)
 .init9         0x00000058        0x4 c:/winavr-20100110/bin/../lib/gcc/avr/4.3.3/../../../../avr/lib/avr4/crtm8.o
 *(.init9)
 *(.text)
 .text          0x0000005c        0x2 c:/winavr-20100110/bin/../lib/gcc/avr/4.3.3/../../../../avr/lib/avr4/crtm8.o
                0x0000005c                __vector_1
                0x0000005c                __vector_12
                0x0000005c                __bad_interrupt
                0x0000005c                __vector_6
                0x0000005c                __vector_3
                0x0000005c                __vector_11
                0x0000005c                __vector_13
                0x0000005c                __vector_17
                0x0000005c                __vector_7
                0x0000005c                __vector_5
                0x0000005c                __vector_9
                0x0000005c                __vector_15
                0x0000005c                __vector_8
                0x0000005c                __vector_10
                0x0000005c                __vector_16
                0x0000005c                __vector_18
 .text          0x0000005e      0x2d8 SelfTest.o
                0x000002d8                SelfTest
                0x0000005e                OptionsMsgs
                0x00000078                LEDOptionsMsgs
                0x000000d4                ActionFromMsgs
                0x00000092                Sleep_more
 .text          0x00000336      0x1dc asuro.o
                0x000004b8                Init
                0x0000041e                __vector_4
                0x00000336                __vector_2
                0x00000364                __vector_14
 .text          0x00000512      0x2b0 Test.o
                0x00000614                MotorTestLeft
                0x000005ce                MotorTestBoth
                0x00000654                MotorTestRight
                0x00000772                SerialTest
                0x00000694                MotorTest
                0x0000069c                OdometrieTest
                0x00000512                LEDTest
                0x000006dc                LineTest
                0x0000071c                SwitchTest
 .text          0x000007c2       0x14 main.o
                0x000007c2                main
 .text          0x000007d6       0x2a Demo.o
                0x000007d6                Demo
 .text          0x00000800      0x15a LineDemo.o
                0x00000826                LineRight
                0x0000084c                LineDemo
                0x00000800                LineLeft
 .text          0x0000095a      0x3ae IRDemo.o
                0x00000a1e                IRRwd
                0x0000095a                IRStop
                0x00000a78                IRFwd
                0x00000976                IRRight
                0x000009ca                IRLeft
                0x00000ad2                IRDemo
 .text          0x00000d08      0x34e PCDemo.o
                0x00000dcc                PCRwd
                0x00000d08                PCStop
                0x00000e80                PCDemo
                0x00000e26                PCFwd
                0x00000d24                PCRight
                0x00000d78                PCLeft
 .text          0x00001056       0x3c RechteckDemo.o
                0x00001056                RechteckDemo
 .text          0x00001092        0x0 ../lib\libasuro.a(globals.o)
 .text          0x00001092      0x104 ../lib\libasuro.a(adc.o)
                0x00001092                Battery
                0x000010c6                OdometryData
                0x00001126                LineData
 .text          0x00001196      0x15e ../lib\libasuro.a(encoder.o)
                0x00001196                GoTurn
 .text          0x000012f4       0x5c ../lib\libasuro.a(encoder_low.o)
                0x0000131e                EncoderInit
                0x000012f4                EncoderStop
                0x000012fe                EncoderStart
                0x0000130c                EncoderSet
 .text          0x00001350       0x6e ../lib\libasuro.a(leds.o)
                0x00001350                StatusLED
                0x00001376                FrontLED
                0x00001388                BackLED
 .text          0x000013be       0x20 ../lib\libasuro.a(motor_low.o)
                0x000013be                MotorSpeed
                0x000013cc                MotorDir
 .text          0x000013de       0xc0 ../lib\libasuro.a(print.o)
                0x000013de                UartPutc
                0x0000145e                PrintInt
                0x0000141e                PrintLong
                0x000013f4                SerPrint
 .text          0x0000149e       0xd4 ../lib\libasuro.a(rc5.o)
                0x00001550                ReadRC5
                0x00001562                InitRC5
                0x0000149e                IsrRC5
 .text          0x00001572       0xb0 ../lib\libasuro.a(switches.o)
                0x0000158c                PollSwitch
                0x00001572                StartSwitch
                0x00001584                StopSwitch
 .text          0x00001622       0x66 ../lib\libasuro.a(time.o)
                0x00001656                Sleep
                0x00001666                Msleep
                0x00001622                Gettime
 .text          0x00001688       0x8a ../lib\libasuro.a(uart.o)
                0x00001688                SerWrite
                0x000016b0                SerRead
 .text          0x00001712        0x0 c:/winavr-20100110/bin/../lib/gcc/avr/4.3.3/avr4\libgcc.a(_mulsi3.o)
 .text          0x00001712        0x0 c:/winavr-20100110/bin/../lib/gcc/avr/4.3.3/avr4\libgcc.a(_divmodhi4.o)
 .text          0x00001712        0x0 c:/winavr-20100110/bin/../lib/gcc/avr/4.3.3/avr4\libgcc.a(_udivmodsi4.o)
 .text          0x00001712        0x0 c:/winavr-20100110/bin/../lib/gcc/avr/4.3.3/avr4\libgcc.a(_divmodsi4.o)
 .text          0x00001712        0x0 c:/winavr-20100110/bin/../lib/gcc/avr/4.3.3/avr4\libgcc.a(_exit.o)
 .text          0x00001712        0x0 c:/winavr-20100110/bin/../lib/gcc/avr/4.3.3/avr4\libgcc.a(_copy_data.o)
 .text          0x00001712        0x0 c:/winavr-20100110/bin/../lib/gcc/avr/4.3.3/avr4\libgcc.a(_clear_bss.o)
 .text          0x00001712        0x0 c:/winavr-20100110/bin/../lib/gcc/avr/4.3.3/avr4\libgcc.a(_udivmodhi4.o)
 .text          0x00001712        0x0 c:/winavr-20100110/bin/../lib/gcc/avr/4.3.3/../../../../avr/lib/avr4\libc.a(itoa.o)
 .text          0x00001712        0x0 c:/winavr-20100110/bin/../lib/gcc/avr/4.3.3/../../../../avr/lib/avr4\libc.a(ltoa.o)
 .text          0x00001712        0x0 c:/winavr-20100110/bin/../lib/gcc/avr/4.3.3/../../../../avr/lib/avr4\libc.a(strrev.o)
                0x00001712                . = ALIGN (0x2)
 *(.text.*)
 .text.libgcc   0x00001712       0x3e c:/winavr-20100110/bin/../lib/gcc/avr/4.3.3/avr4\libgcc.a(_mulsi3.o)
                0x00001712                __mulsi3
 .text.libgcc   0x00001750       0x26 c:/winavr-20100110/bin/../lib/gcc/avr/4.3.3/avr4\libgcc.a(_divmodhi4.o)
                0x00001750                __divmodhi4
                0x00001750                _div
 .text.libgcc   0x00001776       0x44 c:/winavr-20100110/bin/../lib/gcc/avr/4.3.3/avr4\libgcc.a(_udivmodsi4.o)
                0x00001776                __udivmodsi4
 .text.libgcc   0x000017ba       0x36 c:/winavr-20100110/bin/../lib/gcc/avr/4.3.3/avr4\libgcc.a(_divmodsi4.o)
                0x000017ba                __divmodsi4
 .text.libgcc   0x000017f0        0x0 c:/winavr-20100110/bin/../lib/gcc/avr/4.3.3/avr4\libgcc.a(_exit.o)
 .text.libgcc   0x000017f0        0x0 c:/winavr-20100110/bin/../lib/gcc/avr/4.3.3/avr4\libgcc.a(_copy_data.o)
 .text.libgcc   0x000017f0        0x0 c:/winavr-20100110/bin/../lib/gcc/avr/4.3.3/avr4\libgcc.a(_clear_bss.o)
 .text.libgcc   0x000017f0       0x28 c:/winavr-20100110/bin/../lib/gcc/avr/4.3.3/avr4\libgcc.a(_udivmodhi4.o)
                0x000017f0                __udivmodhi4
 .text.avr-libc
                0x00001818       0x3e c:/winavr-20100110/bin/../lib/gcc/avr/4.3.3/../../../../avr/lib/avr4\libc.a(itoa.o)
                0x00001818                itoa
 .text.avr-libc
                0x00001856       0x64 c:/winavr-20100110/bin/../lib/gcc/avr/4.3.3/../../../../avr/lib/avr4\libc.a(ltoa.o)
                0x00001856                ltoa
 .text.avr-libc
                0x000018ba       0x20 c:/winavr-20100110/bin/../lib/gcc/avr/4.3.3/../../../../avr/lib/avr4\libc.a(strrev.o)
                0x000018ba                strrev
                0x000018da                . = ALIGN (0x2)
 *(.fini9)
 .fini9         0x000018da        0x0 c:/winavr-20100110/bin/../lib/gcc/avr/4.3.3/avr4\libgcc.a(_exit.o)
                0x000018da                exit
                0x000018da                _exit
 *(.fini9)
 *(.fini8)
 *(.fini8)
 *(.fini7)
 *(.fini7)
 *(.fini6)
 *(.fini6)
 *(.fini5)
 *(.fini5)
 *(.fini4)
 *(.fini4)
 *(.fini3)
 *(.fini3)
 *(.fini2)
 *(.fini2)
 *(.fini1)
 *(.fini1)
 *(.fini0)
 .fini0         0x000018da        0x4 c:/winavr-20100110/bin/../lib/gcc/avr/4.3.3/avr4\libgcc.a(_exit.o)
 *(.fini0)
                0x000018de                _etext = .

.data           0x00800060      0x290 load address 0x000018de
                0x00800060                PROVIDE (__data_start, .)
 *(.data)
 .data          0x00800060        0x0 c:/winavr-20100110/bin/../lib/gcc/avr/4.3.3/../../../../avr/lib/avr4/crtm8.o
 .data          0x00800060      0x253 SelfTest.o
 .data          0x008002b3        0x0 asuro.o
 .data          0x008002b3        0x0 Test.o
 .data          0x008002b3        0x0 main.o
 .data          0x008002b3        0xb Demo.o
 .data          0x008002be        0xb LineDemo.o
 .data          0x008002c9        0xe IRDemo.o
 .data          0x008002d7        0x9 PCDemo.o
 .data          0x008002e0        0xf RechteckDemo.o
 .data          0x008002ef        0x0 ../lib\libasuro.a(globals.o)
 .data          0x008002ef        0x0 ../lib\libasuro.a(adc.o)
 .data          0x008002ef        0x0 ../lib\libasuro.a(encoder.o)
 .data          0x008002ef        0x0 ../lib\libasuro.a(encoder_low.o)
 .data          0x008002ef        0x0 ../lib\libasuro.a(leds.o)
 .data          0x008002ef        0x0 ../lib\libasuro.a(motor_low.o)
 .data          0x008002ef        0x0 ../lib\libasuro.a(print.o)
 .data          0x008002ef        0x0 ../lib\libasuro.a(rc5.o)
 .data          0x008002ef        0x0 ../lib\libasuro.a(switches.o)
 .data          0x008002ef        0x0 ../lib\libasuro.a(time.o)
 .data          0x008002ef        0x0 ../lib\libasuro.a(uart.o)
 .data          0x008002ef        0x0 c:/winavr-20100110/bin/../lib/gcc/avr/4.3.3/avr4\libgcc.a(_mulsi3.o)
 .data          0x008002ef        0x0 c:/winavr-20100110/bin/../lib/gcc/avr/4.3.3/avr4\libgcc.a(_divmodhi4.o)
 .data          0x008002ef        0x0 c:/winavr-20100110/bin/../lib/gcc/avr/4.3.3/avr4\libgcc.a(_udivmodsi4.o)
 .data          0x008002ef        0x0 c:/winavr-20100110/bin/../lib/gcc/avr/4.3.3/avr4\libgcc.a(_divmodsi4.o)
 .data          0x008002ef        0x0 c:/winavr-20100110/bin/../lib/gcc/avr/4.3.3/avr4\libgcc.a(_exit.o)
 .data          0x008002ef        0x0 c:/winavr-20100110/bin/../lib/gcc/avr/4.3.3/avr4\libgcc.a(_copy_data.o)
 .data          0x008002ef        0x0 c:/winavr-20100110/bin/../lib/gcc/avr/4.3.3/avr4\libgcc.a(_clear_bss.o)
 .data          0x008002ef        0x0 c:/winavr-20100110/bin/../lib/gcc/avr/4.3.3/avr4\libgcc.a(_udivmodhi4.o)
 .data          0x008002ef        0x0 c:/winavr-20100110/bin/../lib/gcc/avr/4.3.3/../../../../avr/lib/avr4\libc.a(itoa.o)
 .data          0x008002ef        0x0 c:/winavr-20100110/bin/../lib/gcc/avr/4.3.3/../../../../avr/lib/avr4\libc.a(ltoa.o)
 .data          0x008002ef        0x0 c:/winavr-20100110/bin/../lib/gcc/avr/4.3.3/../../../../avr/lib/avr4\libc.a(strrev.o)
 *(.data*)
 *(.rodata)
 *(.rodata*)
 *(.gnu.linkonce.d*)
                0x008002f0                . = ALIGN (0x2)
 *fill*         0x008002ef        0x1 00
                0x008002f0                _edata = .
                0x008002f0                PROVIDE (__data_end, .)

.bss            0x008002f0       0x26
                0x008002f0                PROVIDE (__bss_start, .)
 *(.bss)
 .bss           0x008002f0        0x0 c:/winavr-20100110/bin/../lib/gcc/avr/4.3.3/../../../../avr/lib/avr4/crtm8.o
 .bss           0x008002f0        0x0 SelfTest.o
 .bss           0x008002f0        0x5 asuro.o
 .bss           0x008002f5        0x0 Test.o
 .bss           0x008002f5        0x0 main.o
 .bss           0x008002f5        0x0 Demo.o
 .bss           0x008002f5        0x0 LineDemo.o
 .bss           0x008002f5        0x2 IRDemo.o
 .bss           0x008002f7        0x0 PCDemo.o
 .bss           0x008002f7        0x0 RechteckDemo.o
 .bss           0x008002f7        0x0 ../lib\libasuro.a(globals.o)
 .bss           0x008002f7        0x0 ../lib\libasuro.a(adc.o)
 .bss           0x008002f7        0x0 ../lib\libasuro.a(encoder.o)
 .bss           0x008002f7        0x0 ../lib\libasuro.a(encoder_low.o)
 .bss           0x008002f7        0x0 ../lib\libasuro.a(leds.o)
 .bss           0x008002f7        0x0 ../lib\libasuro.a(motor_low.o)
 .bss           0x008002f7        0x0 ../lib\libasuro.a(print.o)
 .bss           0x008002f7        0x8 ../lib\libasuro.a(rc5.o)
                0x008002f7                RC5data
                0x008002f9                enableRC5
 .bss           0x008002ff        0x0 ../lib\libasuro.a(switches.o)
 .bss           0x008002ff        0x0 ../lib\libasuro.a(time.o)
 .bss           0x008002ff        0x0 ../lib\libasuro.a(uart.o)
 .bss           0x008002ff        0x0 c:/winavr-20100110/bin/../lib/gcc/avr/4.3.3/avr4\libgcc.a(_mulsi3.o)
 .bss           0x008002ff        0x0 c:/winavr-20100110/bin/../lib/gcc/avr/4.3.3/avr4\libgcc.a(_divmodhi4.o)
 .bss           0x008002ff        0x0 c:/winavr-20100110/bin/../lib/gcc/avr/4.3.3/avr4\libgcc.a(_udivmodsi4.o)
 .bss           0x008002ff        0x0 c:/winavr-20100110/bin/../lib/gcc/avr/4.3.3/avr4\libgcc.a(_divmodsi4.o)
 .bss           0x008002ff        0x0 c:/winavr-20100110/bin/../lib/gcc/avr/4.3.3/avr4\libgcc.a(_exit.o)
 .bss           0x008002ff        0x0 c:/winavr-20100110/bin/../lib/gcc/avr/4.3.3/avr4\libgcc.a(_copy_data.o)
 .bss           0x008002ff        0x0 c:/winavr-20100110/bin/../lib/gcc/avr/4.3.3/avr4\libgcc.a(_clear_bss.o)
 .bss           0x008002ff        0x0 c:/winavr-20100110/bin/../lib/gcc/avr/4.3.3/avr4\libgcc.a(_udivmodhi4.o)
 .bss           0x008002ff        0x0 c:/winavr-20100110/bin/../lib/gcc/avr/4.3.3/../../../../avr/lib/avr4\libc.a(itoa.o)
 .bss           0x008002ff        0x0 c:/winavr-20100110/bin/../lib/gcc/avr/4.3.3/../../../../avr/lib/avr4\libc.a(ltoa.o)
 .bss           0x008002ff        0x0 c:/winavr-20100110/bin/../lib/gcc/avr/4.3.3/../../../../avr/lib/avr4\libc.a(strrev.o)
 *(.bss*)
 *(COMMON)
 COMMON         0x008002ff        0xa LineDemo.o
                0x008002ff                speedRight
                0x00800301                speedLeft
                0x00800303                ADOffset
                0x00800305                lineData
 COMMON         0x00800309        0xd ../lib\libasuro.a(globals.o)
                0x00800309                switched
                0x0080030b                autoencode
                0x0080030d                encoder
                0x00800311                count36kHz
                0x00800312                timebase
                0x00800316                PROVIDE (__bss_end, .)
                0x000018de                __data_load_start = LOADADDR (.data)
                0x00001b6e                __data_load_end = (__data_load_start + SIZEOF (.data))

.noinit         0x00800316        0x0
                0x00800316                PROVIDE (__noinit_start, .)
 *(.noinit*)
                0x00800316                PROVIDE (__noinit_end, .)
                0x00800316                _end = .
                0x00800316                PROVIDE (__heap_start, .)

.eeprom         0x00810000        0x0
 *(.eeprom*)
                0x00810000                __eeprom_end = .

.fuse
 *(.fuse)
 *(.lfuse)
 *(.hfuse)
 *(.efuse)

.lock
 *(.lock*)

.signature
 *(.signature*)

.stab
 *(.stab)

.stabstr
 *(.stabstr)

.stab.excl
 *(.stab.excl)

.stab.exclstr
 *(.stab.exclstr)

.stab.index
 *(.stab.index)

.stab.indexstr
 *(.stab.indexstr)

.comment
 *(.comment)

.debug
 *(.debug)

.line
 *(.line)

.debug_srcinfo
 *(.debug_srcinfo)

.debug_sfnames
 *(.debug_sfnames)

.debug_aranges  0x00000000      0x260
 *(.debug_aranges)
 .debug_aranges
                0x00000000       0x20 SelfTest.o
 .debug_aranges
                0x00000020       0x20 asuro.o
 .debug_aranges
                0x00000040       0x20 Test.o
 .debug_aranges
                0x00000060       0x20 main.o
 .debug_aranges
                0x00000080       0x20 Demo.o
 .debug_aranges
                0x000000a0       0x20 LineDemo.o
 .debug_aranges
                0x000000c0       0x20 IRDemo.o
 .debug_aranges
                0x000000e0       0x20 PCDemo.o
 .debug_aranges
                0x00000100       0x20 RechteckDemo.o
 .debug_aranges
                0x00000120       0x20 ../lib\libasuro.a(adc.o)
 .debug_aranges
                0x00000140       0x20 ../lib\libasuro.a(encoder.o)
 .debug_aranges
                0x00000160       0x20 ../lib\libasuro.a(encoder_low.o)
 .debug_aranges
                0x00000180       0x20 ../lib\libasuro.a(leds.o)
 .debug_aranges
                0x000001a0       0x20 ../lib\libasuro.a(motor_low.o)
 .debug_aranges
                0x000001c0       0x20 ../lib\libasuro.a(print.o)
 .debug_aranges
                0x000001e0       0x20 ../lib\libasuro.a(rc5.o)
 .debug_aranges
                0x00000200       0x20 ../lib\libasuro.a(switches.o)
 .debug_aranges
                0x00000220       0x20 ../lib\libasuro.a(time.o)
 .debug_aranges
                0x00000240       0x20 ../lib\libasuro.a(uart.o)

.debug_pubnames
                0x00000000      0x593
 *(.debug_pubnames)
 .debug_pubnames
                0x00000000       0x64 SelfTest.o
 .debug_pubnames
                0x00000064       0x49 asuro.o
 .debug_pubnames
                0x000000ad       0xa0 Test.o
 .debug_pubnames
                0x0000014d       0x1b main.o
 .debug_pubnames
                0x00000168       0x1b Demo.o
 .debug_pubnames
                0x00000183       0x71 LineDemo.o
 .debug_pubnames
                0x000001f4       0x70 IRDemo.o
 .debug_pubnames
                0x00000264       0x70 PCDemo.o
 .debug_pubnames
                0x000002d4       0x23 RechteckDemo.o
 .debug_pubnames
                0x000002f7       0x56 ../lib\libasuro.a(globals.o)
 .debug_pubnames
                0x0000034d       0x3c ../lib\libasuro.a(adc.o)
 .debug_pubnames
                0x00000389       0x1d ../lib\libasuro.a(encoder.o)
 .debug_pubnames
                0x000003a6       0x52 ../lib\libasuro.a(encoder_low.o)
 .debug_pubnames
                0x000003f8       0x39 ../lib\libasuro.a(leds.o)
 .debug_pubnames
                0x00000431       0x2e ../lib\libasuro.a(motor_low.o)
 .debug_pubnames
                0x0000045f       0x47 ../lib\libasuro.a(print.o)
 .debug_pubnames
                0x000004a6       0x4f ../lib\libasuro.a(rc5.o)
 .debug_pubnames
                0x000004f5       0x40 ../lib\libasuro.a(switches.o)
 .debug_pubnames
                0x00000535       0x33 ../lib\libasuro.a(time.o)
 .debug_pubnames
                0x00000568       0x2b ../lib\libasuro.a(uart.o)

.debug_info     0x00000000     0x1633
 *(.debug_info)
 .debug_info    0x00000000      0x18f SelfTest.o
 .debug_info    0x0000018f      0x19c asuro.o
 .debug_info    0x0000032b      0x21c Test.o
 .debug_info    0x00000547       0x76 main.o
 .debug_info    0x000005bd       0x81 Demo.o
 .debug_info    0x0000063e      0x13a LineDemo.o
 .debug_info    0x00000778      0x15a IRDemo.o
 .debug_info    0x000008d2      0x13f PCDemo.o
 .debug_info    0x00000a11       0x80 RechteckDemo.o
 .debug_info    0x00000a91       0xc0 ../lib\libasuro.a(globals.o)
 .debug_info    0x00000b51      0x125 ../lib\libasuro.a(adc.o)
 .debug_info    0x00000c76      0x11f ../lib\libasuro.a(encoder.o)
 .debug_info    0x00000d95      0x148 ../lib\libasuro.a(encoder_low.o)
 .debug_info    0x00000edd       0xdd ../lib\libasuro.a(leds.o)
 .debug_info    0x00000fba       0xc6 ../lib\libasuro.a(motor_low.o)
 .debug_info    0x00001080      0x153 ../lib\libasuro.a(print.o)
 .debug_info    0x000011d3      0x14c ../lib\libasuro.a(rc5.o)
 .debug_info    0x0000131f       0xd1 ../lib\libasuro.a(switches.o)
 .debug_info    0x000013f0      0x140 ../lib\libasuro.a(time.o)
 .debug_info    0x00001530      0x103 ../lib\libasuro.a(uart.o)
 *(.gnu.linkonce.wi.*)

.debug_abbrev   0x00000000      0xc0d
 *(.debug_abbrev)
 .debug_abbrev  0x00000000       0xe5 SelfTest.o
 .debug_abbrev  0x000000e5       0xd2 asuro.o
 .debug_abbrev  0x000001b7       0xbe Test.o
 .debug_abbrev  0x00000275       0x41 main.o
 .debug_abbrev  0x000002b6       0x4e Demo.o
 .debug_abbrev  0x00000304       0xb6 LineDemo.o
 .debug_abbrev  0x000003ba       0xb1 IRDemo.o
 .debug_abbrev  0x0000046b       0x9d PCDemo.o
 .debug_abbrev  0x00000508       0x4e RechteckDemo.o
 .debug_abbrev  0x00000556       0x54 ../lib\libasuro.a(globals.o)
 .debug_abbrev  0x000005aa       0xa6 ../lib\libasuro.a(adc.o)
 .debug_abbrev  0x00000650       0x98 ../lib\libasuro.a(encoder.o)
 .debug_abbrev  0x000006e8       0xce ../lib\libasuro.a(encoder_low.o)
 .debug_abbrev  0x000007b6       0x74 ../lib\libasuro.a(leds.o)
 .debug_abbrev  0x0000082a       0x74 ../lib\libasuro.a(motor_low.o)
 .debug_abbrev  0x0000089e       0x8e ../lib\libasuro.a(print.o)
 .debug_abbrev  0x0000092c       0xb2 ../lib\libasuro.a(rc5.o)
 .debug_abbrev  0x000009de       0x8c ../lib\libasuro.a(switches.o)
 .debug_abbrev  0x00000a6a       0xf9 ../lib\libasuro.a(time.o)
 .debug_abbrev  0x00000b63       0xaa ../lib\libasuro.a(uart.o)

.debug_line     0x00000000     0x20c0
 *(.debug_line)
 .debug_line    0x00000000      0x376 SelfTest.o
 .debug_line    0x00000376      0x241 asuro.o
 .debug_line    0x000005b7      0x3b5 Test.o
 .debug_line    0x0000096c       0x78 main.o
 .debug_line    0x000009e4       0x88 Demo.o
 .debug_line    0x00000a6c      0x14a LineDemo.o
 .debug_line    0x00000bb6      0x286 IRDemo.o
 .debug_line    0x00000e3c      0x2c2 PCDemo.o
 .debug_line    0x000010fe       0x90 RechteckDemo.o
 .debug_line    0x0000118e       0x4e ../lib\libasuro.a(globals.o)
 .debug_line    0x000011dc      0x228 ../lib\libasuro.a(adc.o)
 .debug_line    0x00001404      0x1dd ../lib\libasuro.a(encoder.o)
 .debug_line    0x000015e1      0x168 ../lib\libasuro.a(encoder_low.o)
 .debug_line    0x00001749      0x197 ../lib\libasuro.a(leds.o)
 .debug_line    0x000018e0       0xfc ../lib\libasuro.a(motor_low.o)
 .debug_line    0x000019dc      0x14d ../lib\libasuro.a(print.o)
 .debug_line    0x00001b29      0x16b ../lib\libasuro.a(rc5.o)
 .debug_line    0x00001c94      0x18d ../lib\libasuro.a(switches.o)
 .debug_line    0x00001e21      0x128 ../lib\libasuro.a(time.o)
 .debug_line    0x00001f49      0x177 ../lib\libasuro.a(uart.o)

.debug_frame    0x00000000      0x530
 *(.debug_frame)
 .debug_frame   0x00000000       0x60 SelfTest.o
 .debug_frame   0x00000060       0x50 asuro.o
 .debug_frame   0x000000b0       0xa0 Test.o
 .debug_frame   0x00000150       0x20 main.o
 .debug_frame   0x00000170       0x20 Demo.o
 .debug_frame   0x00000190       0x40 LineDemo.o
 .debug_frame   0x000001d0       0x70 IRDemo.o
 .debug_frame   0x00000240       0x70 PCDemo.o
 .debug_frame   0x000002b0       0x20 RechteckDemo.o
 .debug_frame   0x000002d0       0x40 ../lib\libasuro.a(adc.o)
 .debug_frame   0x00000310       0x20 ../lib\libasuro.a(encoder.o)
 .debug_frame   0x00000330       0x50 ../lib\libasuro.a(encoder_low.o)
 .debug_frame   0x00000380       0x40 ../lib\libasuro.a(leds.o)
 .debug_frame   0x000003c0       0x30 ../lib\libasuro.a(motor_low.o)
 .debug_frame   0x000003f0       0x50 ../lib\libasuro.a(print.o)
 .debug_frame   0x00000440       0x40 ../lib\libasuro.a(rc5.o)
 .debug_frame   0x00000480       0x40 ../lib\libasuro.a(switches.o)
 .debug_frame   0x000004c0       0x40 ../lib\libasuro.a(time.o)
 .debug_frame   0x00000500       0x30 ../lib\libasuro.a(uart.o)

.debug_str      0x00000000      0x558
 *(.debug_str)
 .debug_str     0x00000000       0xcd SelfTest.o
                                0x112 (size before relaxing)
 .debug_str     0x000000cd       0x89 asuro.o
                                0x12c (size before relaxing)
 .debug_str     0x00000156       0x6a Test.o
                                0x11a (size before relaxing)
 .debug_str     0x000001c0        0xc main.o
                                 0xaa (size before relaxing)
 .debug_str     0x00000000        0xc Demo.o
                                 0xaa (size before relaxing)
 .debug_str     0x000001cc       0x4e LineDemo.o
                                 0xec (size before relaxing)
 .debug_str     0x0000021a       0x48 IRDemo.o
                                0x100 (size before relaxing)
 .debug_str     0x00000262       0x32 PCDemo.o
                                 0xff (size before relaxing)
 .debug_str     0x00000294       0x1c RechteckDemo.o
                                 0xba (size before relaxing)
 .debug_str     0x000002b0       0x3f ../lib\libasuro.a(globals.o)
                                 0x9c (size before relaxing)
 .debug_str     0x000002ef       0x2b ../lib\libasuro.a(adc.o)
                                 0xd7 (size before relaxing)
 .debug_str     0x0000031a       0x4a ../lib\libasuro.a(encoder.o)
                                 0xf4 (size before relaxing)
 .debug_str     0x00000364       0x48 ../lib\libasuro.a(encoder_low.o)
                                 0xf7 (size before relaxing)
 .debug_str     0x000003ac       0x3a ../lib\libasuro.a(leds.o)
                                 0xd6 (size before relaxing)
 .debug_str     0x000003e6       0x4a ../lib\libasuro.a(motor_low.o)
                                 0xe6 (size before relaxing)
 .debug_str     0x00000430       0x3a ../lib\libasuro.a(print.o)
                                 0xe5 (size before relaxing)
 .debug_str     0x0000046a       0x69 ../lib\libasuro.a(rc5.o)
                                0x11e (size before relaxing)
 .debug_str     0x000004d3       0x2d ../lib\libasuro.a(switches.o)
                                 0xdb (size before relaxing)
 .debug_str     0x00000500       0x31 ../lib\libasuro.a(time.o)
                                 0xe1 (size before relaxing)
 .debug_str     0x00000531       0x27 ../lib\libasuro.a(uart.o)
                                 0xcd (size before relaxing)

.debug_loc      0x00000000      0x6a1
 *(.debug_loc)
 .debug_loc     0x00000000       0xc0 SelfTest.o
 .debug_loc     0x000000c0       0x72 Test.o
 .debug_loc     0x00000132       0x3f Demo.o
 .debug_loc     0x00000171       0x4b LineDemo.o
 .debug_loc     0x000001bc       0x3c IRDemo.o
 .debug_loc     0x000001f8       0xce PCDemo.o
 .debug_loc     0x000002c6       0x18 RechteckDemo.o
 .debug_loc     0x000002de       0x50 ../lib\libasuro.a(adc.o)
 .debug_loc     0x0000032e      0x128 ../lib\libasuro.a(encoder.o)
 .debug_loc     0x00000456       0x3c ../lib\libasuro.a(leds.o)
 .debug_loc     0x00000492       0x39 ../lib\libasuro.a(motor_low.o)
 .debug_loc     0x000004cb       0x7c ../lib\libasuro.a(print.o)
 .debug_loc     0x00000547       0x18 ../lib\libasuro.a(rc5.o)
 .debug_loc     0x0000055f       0x3b ../lib\libasuro.a(time.o)
 .debug_loc     0x0000059a      0x107 ../lib\libasuro.a(uart.o)

.debug_macinfo
 *(.debug_macinfo)
OUTPUT(SelfTest.elf elf32-avr)
LOAD linker stubs

.debug_ranges   0x00000000       0x18
 .debug_ranges  0x00000000       0x18 LineDemo.o

Cross Reference Table

Symbol                                            File
ADOffset                                          LineDemo.o
ActionFromMsgs                                    SelfTest.o
BackLED                                           ../lib\libasuro.a(leds.o)
                                                  PCDemo.o
                                                  IRDemo.o
                                                  Test.o
                                                  asuro.o
                                                  SelfTest.o
Battery                                           ../lib\libasuro.a(adc.o)
Demo                                              Demo.o
                                                  main.o
EncoderInit                                       ../lib\libasuro.a(encoder_low.o)
                                                  RechteckDemo.o
EncoderSet                                        ../lib\libasuro.a(encoder_low.o)
                                                  ../lib\libasuro.a(encoder.o)
EncoderStart                                      ../lib\libasuro.a(encoder_low.o)
EncoderStop                                       ../lib\libasuro.a(encoder_low.o)
FrontLED                                          ../lib\libasuro.a(leds.o)
                                                  PCDemo.o
                                                  IRDemo.o
                                                  LineDemo.o
                                                  Test.o
                                                  asuro.o
                                                  SelfTest.o
Gettime                                           ../lib\libasuro.a(time.o)
GoTurn                                            ../lib\libasuro.a(encoder.o)
                                                  RechteckDemo.o
IRDemo                                            IRDemo.o
                                                  Demo.o
IRFwd                                             IRDemo.o
IRLeft                                            IRDemo.o
IRRight                                           IRDemo.o
IRRwd                                             IRDemo.o
IRStop                                            IRDemo.o
Init                                              asuro.o
                                                  RechteckDemo.o
                                                  PCDemo.o
                                                  IRDemo.o
                                                  LineDemo.o
                                                  Demo.o
                                                  main.o
                                                  SelfTest.o
InitRC5                                           ../lib\libasuro.a(rc5.o)
                                                  IRDemo.o
IsrRC5                                            ../lib\libasuro.a(rc5.o)
                                                  asuro.o
LEDOptionsMsgs                                    SelfTest.o
LEDTest                                           Test.o
                                                  SelfTest.o
LineData                                          ../lib\libasuro.a(adc.o)
                                                  LineDemo.o
                                                  Test.o
LineDemo                                          LineDemo.o
                                                  Demo.o
LineLeft                                          LineDemo.o
LineRight                                         LineDemo.o
LineTest                                          Test.o
                                                  SelfTest.o
MotorDir                                          ../lib\libasuro.a(motor_low.o)
                                                  ../lib\libasuro.a(encoder.o)
                                                  PCDemo.o
                                                  IRDemo.o
                                                  Test.o
                                                  asuro.o
                                                  SelfTest.o
MotorSpeed                                        ../lib\libasuro.a(motor_low.o)
                                                  ../lib\libasuro.a(encoder.o)
                                                  PCDemo.o
                                                  IRDemo.o
                                                  LineDemo.o
                                                  Test.o
                                                  asuro.o
                                                  SelfTest.o
MotorTest                                         Test.o
                                                  SelfTest.o
MotorTestBoth                                     Test.o
MotorTestLeft                                     Test.o
MotorTestRight                                    Test.o
Msleep                                            ../lib\libasuro.a(time.o)
                                                  ../lib\libasuro.a(encoder.o)
                                                  PCDemo.o
                                                  IRDemo.o
OdometrieTest                                     Test.o
                                                  SelfTest.o
OdometryData                                      ../lib\libasuro.a(adc.o)
                                                  Test.o
OptionsMsgs                                       SelfTest.o
PCDemo                                            PCDemo.o
                                                  Demo.o
PCFwd                                             PCDemo.o
PCLeft                                            PCDemo.o
PCRight                                           PCDemo.o
PCRwd                                             PCDemo.o
PCStop                                            PCDemo.o
PollSwitch                                        ../lib\libasuro.a(switches.o)
                                                  LineDemo.o
                                                  Demo.o
                                                  main.o
                                                  Test.o
                                                  SelfTest.o
PrintInt                                          ../lib\libasuro.a(print.o)
PrintLong                                         ../lib\libasuro.a(print.o)
RC5data                                           ../lib\libasuro.a(rc5.o)
ReadRC5                                           ../lib\libasuro.a(rc5.o)
                                                  IRDemo.o
RechteckDemo                                      RechteckDemo.o
                                                  Demo.o
SelfTest                                          SelfTest.o
                                                  main.o
SerPrint                                          ../lib\libasuro.a(print.o)
                                                  RechteckDemo.o
                                                  PCDemo.o
                                                  IRDemo.o
                                                  LineDemo.o
                                                  Demo.o
                                                  SelfTest.o
SerRead                                           ../lib\libasuro.a(uart.o)
                                                  PCDemo.o
                                                  Test.o
                                                  SelfTest.o
SerWrite                                          ../lib\libasuro.a(uart.o)
                                                  Test.o
SerialTest                                        Test.o
                                                  SelfTest.o
Sleep                                             ../lib\libasuro.a(time.o)
                                                  ../lib\libasuro.a(switches.o)
                                                  ../lib\libasuro.a(adc.o)
                                                  Test.o
                                                  SelfTest.o
Sleep_more                                        SelfTest.o
StartSwitch                                       ../lib\libasuro.a(switches.o)
                                                  PCDemo.o
StatusLED                                         ../lib\libasuro.a(leds.o)
                                                  LineDemo.o
                                                  Test.o
                                                  asuro.o
                                                  SelfTest.o
StopSwitch                                        ../lib\libasuro.a(switches.o)
SwitchTest                                        Test.o
                                                  SelfTest.o
UartPutc                                          ../lib\libasuro.a(print.o)
__bad_interrupt                                   c:/winavr-20100110/bin/../lib/gcc/avr/4.3.3/../../../../avr/lib/avr4/crtm8.o
__bss_end                                         c:/winavr-20100110/bin/../lib/gcc/avr/4.3.3/avr4\libgcc.a(_clear_bss.o)
__bss_start                                       c:/winavr-20100110/bin/../lib/gcc/avr/4.3.3/avr4\libgcc.a(_clear_bss.o)
__data_end                                        c:/winavr-20100110/bin/../lib/gcc/avr/4.3.3/avr4\libgcc.a(_copy_data.o)
__data_load_start                                 c:/winavr-20100110/bin/../lib/gcc/avr/4.3.3/avr4\libgcc.a(_copy_data.o)
__data_start                                      c:/winavr-20100110/bin/../lib/gcc/avr/4.3.3/avr4\libgcc.a(_copy_data.o)
__divmodhi4                                       c:/winavr-20100110/bin/../lib/gcc/avr/4.3.3/avr4\libgcc.a(_divmodhi4.o)
                                                  SelfTest.o
__divmodsi4                                       c:/winavr-20100110/bin/../lib/gcc/avr/4.3.3/avr4\libgcc.a(_divmodsi4.o)
                                                  ../lib\libasuro.a(switches.o)
__do_clear_bss                                    c:/winavr-20100110/bin/../lib/gcc/avr/4.3.3/avr4\libgcc.a(_clear_bss.o)
                                                  ../lib\libasuro.a(uart.o)
                                                  ../lib\libasuro.a(time.o)
                                                  ../lib\libasuro.a(switches.o)
                                                  ../lib\libasuro.a(rc5.o)
                                                  ../lib\libasuro.a(print.o)
                                                  ../lib\libasuro.a(motor_low.o)
                                                  ../lib\libasuro.a(leds.o)
                                                  ../lib\libasuro.a(encoder_low.o)
                                                  ../lib\libasuro.a(encoder.o)
                                                  ../lib\libasuro.a(adc.o)
                                                  ../lib\libasuro.a(globals.o)
                                                  PCDemo.o
                                                  IRDemo.o
                                                  LineDemo.o
                                                  asuro.o
__do_copy_data                                    c:/winavr-20100110/bin/../lib/gcc/avr/4.3.3/avr4\libgcc.a(_copy_data.o)
                                                  ../lib\libasuro.a(uart.o)
                                                  ../lib\libasuro.a(time.o)
                                                  ../lib\libasuro.a(switches.o)
                                                  ../lib\libasuro.a(rc5.o)
                                                  ../lib\libasuro.a(print.o)
                                                  ../lib\libasuro.a(motor_low.o)
                                                  ../lib\libasuro.a(leds.o)
                                                  ../lib\libasuro.a(encoder_low.o)
                                                  ../lib\libasuro.a(encoder.o)
                                                  ../lib\libasuro.a(adc.o)
                                                  ../lib\libasuro.a(globals.o)
                                                  RechteckDemo.o
                                                  PCDemo.o
                                                  IRDemo.o
                                                  LineDemo.o
                                                  Demo.o
                                                  SelfTest.o
__heap_end                                        c:/winavr-20100110/bin/../lib/gcc/avr/4.3.3/../../../../avr/lib/avr4/crtm8.o
__init                                            c:/winavr-20100110/bin/../lib/gcc/avr/4.3.3/../../../../avr/lib/avr4/crtm8.o
__mulsi3                                          c:/winavr-20100110/bin/../lib/gcc/avr/4.3.3/avr4\libgcc.a(_mulsi3.o)
                                                  ../lib\libasuro.a(switches.o)
                                                  ../lib\libasuro.a(encoder.o)
__stack                                           c:/winavr-20100110/bin/../lib/gcc/avr/4.3.3/../../../../avr/lib/avr4/crtm8.o
__udivmodhi4                                      c:/winavr-20100110/bin/../lib/gcc/avr/4.3.3/avr4\libgcc.a(_udivmodhi4.o)
                                                  c:/winavr-20100110/bin/../lib/gcc/avr/4.3.3/../../../../avr/lib/avr4\libc.a(itoa.o)
                                                  c:/winavr-20100110/bin/../lib/gcc/avr/4.3.3/avr4\libgcc.a(_divmodhi4.o)
__udivmodsi4                                      c:/winavr-20100110/bin/../lib/gcc/avr/4.3.3/avr4\libgcc.a(_udivmodsi4.o)
                                                  c:/winavr-20100110/bin/../lib/gcc/avr/4.3.3/../../../../avr/lib/avr4\libc.a(ltoa.o)
                                                  c:/winavr-20100110/bin/../lib/gcc/avr/4.3.3/avr4\libgcc.a(_divmodsi4.o)
                                                  ../lib\libasuro.a(time.o)
                                                  ../lib\libasuro.a(encoder.o)
__vector_1                                        c:/winavr-20100110/bin/../lib/gcc/avr/4.3.3/../../../../avr/lib/avr4/crtm8.o
__vector_10                                       c:/winavr-20100110/bin/../lib/gcc/avr/4.3.3/../../../../avr/lib/avr4/crtm8.o
__vector_11                                       c:/winavr-20100110/bin/../lib/gcc/avr/4.3.3/../../../../avr/lib/avr4/crtm8.o
__vector_12                                       c:/winavr-20100110/bin/../lib/gcc/avr/4.3.3/../../../../avr/lib/avr4/crtm8.o
__vector_13                                       c:/winavr-20100110/bin/../lib/gcc/avr/4.3.3/../../../../avr/lib/avr4/crtm8.o
__vector_14                                       asuro.o
                                                  c:/winavr-20100110/bin/../lib/gcc/avr/4.3.3/../../../../avr/lib/avr4/crtm8.o
__vector_15                                       c:/winavr-20100110/bin/../lib/gcc/avr/4.3.3/../../../../avr/lib/avr4/crtm8.o
__vector_16                                       c:/winavr-20100110/bin/../lib/gcc/avr/4.3.3/../../../../avr/lib/avr4/crtm8.o
__vector_17                                       c:/winavr-20100110/bin/../lib/gcc/avr/4.3.3/../../../../avr/lib/avr4/crtm8.o
__vector_18                                       c:/winavr-20100110/bin/../lib/gcc/avr/4.3.3/../../../../avr/lib/avr4/crtm8.o
__vector_2                                        asuro.o
                                                  c:/winavr-20100110/bin/../lib/gcc/avr/4.3.3/../../../../avr/lib/avr4/crtm8.o
__vector_3                                        c:/winavr-20100110/bin/../lib/gcc/avr/4.3.3/../../../../avr/lib/avr4/crtm8.o
__vector_4                                        asuro.o
                                                  c:/winavr-20100110/bin/../lib/gcc/avr/4.3.3/../../../../avr/lib/avr4/crtm8.o
__vector_5                                        c:/winavr-20100110/bin/../lib/gcc/avr/4.3.3/../../../../avr/lib/avr4/crtm8.o
__vector_6                                        c:/winavr-20100110/bin/../lib/gcc/avr/4.3.3/../../../../avr/lib/avr4/crtm8.o
__vector_7                                        c:/winavr-20100110/bin/../lib/gcc/avr/4.3.3/../../../../avr/lib/avr4/crtm8.o
__vector_8                                        c:/winavr-20100110/bin/../lib/gcc/avr/4.3.3/../../../../avr/lib/avr4/crtm8.o
__vector_9                                        c:/winavr-20100110/bin/../lib/gcc/avr/4.3.3/../../../../avr/lib/avr4/crtm8.o
__vector_default                                  c:/winavr-20100110/bin/../lib/gcc/avr/4.3.3/../../../../avr/lib/avr4/crtm8.o
__vectors                                         c:/winavr-20100110/bin/../lib/gcc/avr/4.3.3/../../../../avr/lib/avr4/crtm8.o
_div                                              c:/winavr-20100110/bin/../lib/gcc/avr/4.3.3/avr4\libgcc.a(_divmodhi4.o)
_exit                                             c:/winavr-20100110/bin/../lib/gcc/avr/4.3.3/avr4\libgcc.a(_exit.o)
autoencode                                        ../lib\libasuro.a(switches.o)
                                                  ../lib\libasuro.a(encoder_low.o)
                                                  ../lib\libasuro.a(adc.o)
                                                  ../lib\libasuro.a(globals.o)
                                                  asuro.o
count36kHz                                        ../lib\libasuro.a(time.o)
                                                  ../lib\libasuro.a(globals.o)
                                                  asuro.o
enableRC5                                         ../lib\libasuro.a(rc5.o)
                                                  asuro.o
encoder                                           ../lib\libasuro.a(encoder_low.o)
                                                  ../lib\libasuro.a(encoder.o)
                                                  ../lib\libasuro.a(globals.o)
                                                  asuro.o
exit                                              c:/winavr-20100110/bin/../lib/gcc/avr/4.3.3/avr4\libgcc.a(_exit.o)
                                                  c:/winavr-20100110/bin/../lib/gcc/avr/4.3.3/../../../../avr/lib/avr4/crtm8.o
itoa                                              c:/winavr-20100110/bin/../lib/gcc/avr/4.3.3/../../../../avr/lib/avr4\libc.a(itoa.o)
                                                  ../lib\libasuro.a(print.o)
                                                  IRDemo.o
lineData                                          LineDemo.o
ltoa                                              c:/winavr-20100110/bin/../lib/gcc/avr/4.3.3/../../../../avr/lib/avr4\libc.a(ltoa.o)
                                                  ../lib\libasuro.a(print.o)
main                                              main.o
                                                  c:/winavr-20100110/bin/../lib/gcc/avr/4.3.3/../../../../avr/lib/avr4/crtm8.o
speedLeft                                         PCDemo.o
                                                  IRDemo.o
                                                  LineDemo.o
speedRight                                        PCDemo.o
                                                  IRDemo.o
                                                  LineDemo.o
strrev                                            c:/winavr-20100110/bin/../lib/gcc/avr/4.3.3/../../../../avr/lib/avr4\libc.a(strrev.o)
                                                  c:/winavr-20100110/bin/../lib/gcc/avr/4.3.3/../../../../avr/lib/avr4\libc.a(ltoa.o)
                                                  c:/winavr-20100110/bin/../lib/gcc/avr/4.3.3/../../../../avr/lib/avr4\libc.a(itoa.o)
switched                                          ../lib\libasuro.a(globals.o)
                                                  PCDemo.o
                                                  asuro.o
timebase                                          ../lib\libasuro.a(time.o)
                                                  ../lib\libasuro.a(globals.o)
                                                  asuro.o
